--d445d82--2026-09-13--Dean Grant
2	0	README.md
71	4	crates/hotspots-rs/src/resolve.rs
42	0	logfile.log

--f2bcca9--2026-09-13--Dean Grant
45	0	Cargo.lock
1	1	Cargo.toml
25	3	README.md
1	0	crates/hotspots-cli/Cargo.toml
41	1	crates/hotspots-cli/src/args.rs
46	3	crates/hotspots-cli/src/main.rs
18	0	crates/hotspots-rs/Cargo.toml
64	0	crates/hotspots-rs/src/diff.rs
77	0	crates/hotspots-rs/src/git.rs
10	0	crates/hotspots-rs/src/lib.rs
113	0	crates/hotspots-rs/src/parse.rs
175	0	crates/hotspots-rs/src/resolve.rs
5	2	crates/hotspots/src/lib.rs
38	1	crates/hotspots/src/options.rs
27	6	crates/hotspots/src/pipeline.rs
204	0	crates/hotspots/src/symbols/expand.rs
89	0	crates/hotspots/src/symbols/mod.rs
76	0	crates/hotspots/src/symbols/types.rs

--43ee81a--2026-09-13--Dean Grant
11	8	README.md
27	2	crates/hotspots-cli/src/args.rs
1	1	crates/hotspots-cli/src/main.rs
2	2	crates/hotspots/src/coverage_tests.rs
1	1	crates/hotspots/src/lib.rs
0	184	crates/hotspots/src/output.rs
184	0	crates/hotspots/src/output/json.rs
75	0	crates/hotspots/src/output/mod.rs
121	0	crates/hotspots/src/output/text.rs

--08ddfab--2026-09-13--Dean Grant
11	7	README.md
8	1	crates/hotspots-cli/src/args.rs
11	0	crates/hotspots/src/analysis/effort.rs
5	0	crates/hotspots/src/analysis/hotspots.rs
3	0	crates/hotspots/src/analysis/mod.rs
274	0	crates/hotspots/src/analysis/risk.rs
6	0	crates/hotspots/src/analysis/soc.rs
1	1	crates/hotspots/src/options.rs
145	0	logfile.log

--de1910a--2026-09-13--Dean Grant
244	47	crates/hotspots-cli/src/args.rs
95	12	crates/hotspots-cli/src/main.rs
28	0	crates/hotspots-cli/tests/cli_main.rs
33	7	crates/hotspots/src/analysis/age.rs
35	10	crates/hotspots/src/analysis/churn.rs
12	1	crates/hotspots/src/analysis/communication.rs
144	30	crates/hotspots/src/analysis/coupling.rs
33	9	crates/hotspots/src/analysis/effort.rs
37	20	crates/hotspots/src/analysis/mod.rs
29	9	crates/hotspots/src/analysis/ownership.rs
74	16	crates/hotspots/src/analysis/soc.rs
14	0	crates/hotspots/src/analysis/table.rs
66	0	crates/hotspots/src/analysis/util.rs
225	0	crates/hotspots/src/coverage_tests.rs
13	0	crates/hotspots/src/error.rs
25	0	crates/hotspots/src/filter.rs
87	10	crates/hotspots/src/group.rs
11	0	crates/hotspots/src/index.rs
3	0	crates/hotspots/src/lib.rs
142	31	crates/hotspots/src/output.rs
44	10	crates/hotspots/src/parse/git_legacy.rs
24	7	crates/hotspots/src/parse/git_numstat.rs
125	33	crates/hotspots/src/parse/mod.rs

--3189f4b--2026-09-13--Dean Grant
8	13	crates/hotspots-cli/src/args.rs
1	9	crates/hotspots/src/analysis/communication.rs
1	9	crates/hotspots/src/analysis/coupling.rs
1	14	crates/hotspots/src/analysis/effort.rs
1	14	crates/hotspots/src/analysis/ownership.rs
25	0	crates/hotspots/src/analysis/util.rs
4	43	crates/hotspots/src/parse/git_legacy.rs
4	43	crates/hotspots/src/parse/git_numstat.rs
36	0	crates/hotspots/src/parse/mod.rs

--3ab171d--2026-09-13--Dean Grant
7	6	README.md
3	16	crates/hotspots-cli/src/args.rs
1	1	crates/hotspots-cli/src/main.rs
1	1	crates/hotspots/src/lib.rs
0	12	crates/hotspots/src/options.rs
8	36	crates/hotspots/src/output.rs

--942340f--2026-09-13--Dean Grant
50	0	.agents/hooks/rustfmt.sh
11	0	.agents/rules/ai-slop-mitigation/README.md
15	0	.agents/rules/ai-slop-mitigation/ai-slop-mitigation.mdc
19	0	.agents/skills/rust-solid-design/README.md
293	0	.agents/skills/rust-solid-design/SKILL.md
295	0	.agents/skills/rust-solid-design/examples.md
274	0	.agents/skills/rust-solid-design/reference.md
17	0	.agents/skills/rust-style-guide/README.md
156	0	.agents/skills/rust-style-guide/SKILL.md
58	0	.agents/skills/rust-style-guide/documentation.md
43	0	.agents/skills/rust-style-guide/references.md
10	0	.cursor/hooks.json
1	0	.cursor/rules
2	0	.github/CODEOWNERS
19	0	.github/dependabot.yml
93	0	.github/scripts/check-workspace.py
6	0	.github/scripts/package-count.sh
153	0	.github/workflows/lint.yml
76	0	.github/workflows/supply-chain.yml
44	0	.github/workflows/test.yml
29	0	.gitignore
4	0	.vscode/settings.json
56	0	AGENTS.md
14	0	Cargo.lock
49	0	Cargo.toml
21	0	LICENSE
66	0	README.md
10	0	bacon.toml
3	0	clippy.toml
21	0	crates/hotspots-cli/Cargo.toml
208	0	crates/hotspots-cli/src/args.rs
43	0	crates/hotspots-cli/src/main.rs
15	0	crates/hotspots/Cargo.toml
60	0	crates/hotspots/src/analysis/age.rs
30	0	crates/hotspots/src/analysis/authors.rs
74	0	crates/hotspots/src/analysis/churn.rs
60	0	crates/hotspots/src/analysis/communication.rs
79	0	crates/hotspots/src/analysis/coupling.rs
133	0	crates/hotspots/src/analysis/effort.rs
38	0	crates/hotspots/src/analysis/hotspots.rs
26	0	crates/hotspots/src/analysis/identity.rs
75	0	crates/hotspots/src/analysis/mod.rs
86	0	crates/hotspots/src/analysis/ownership.rs
20	0	crates/hotspots/src/analysis/revisions.rs
42	0	crates/hotspots/src/analysis/soc.rs
38	0	crates/hotspots/src/analysis/summary.rs
34	0	crates/hotspots/src/analysis/table.rs
99	0	crates/hotspots/src/analysis/util.rs
35	0	crates/hotspots/src/error.rs
73	0	crates/hotspots/src/filter.rs
99	0	crates/hotspots/src/group.rs
77	0	crates/hotspots/src/index.rs
30	0	crates/hotspots/src/lib.rs
39	0	crates/hotspots/src/model.rs
70	0	crates/hotspots/src/options.rs
101	0	crates/hotspots/src/output.rs
126	0	crates/hotspots/src/parse/git_legacy.rs
97	0	crates/hotspots/src/parse/git_numstat.rs
90	0	crates/hotspots/src/parse/mod.rs
43	0	crates/hotspots/src/pipeline.rs
35	0	deny.toml
3	0	rust-analyzer.toml
3	0	rust-toolchain.toml
3	0	rustfmt.toml
35	0	scripts/check.sh

--fb9d999--2026-09-13--Dean Grant
50	0	.agents/hooks/rustfmt.sh
11	0	.agents/rules/ai-slop-mitigation/README.md
15	0	.agents/rules/ai-slop-mitigation/ai-slop-mitigation.mdc
19	0	.agents/skills/rust-solid-design/README.md
293	0	.agents/skills/rust-solid-design/SKILL.md
295	0	.agents/skills/rust-solid-design/examples.md
274	0	.agents/skills/rust-solid-design/reference.md
17	0	.agents/skills/rust-style-guide/README.md
156	0	.agents/skills/rust-style-guide/SKILL.md
58	0	.agents/skills/rust-style-guide/documentation.md
43	0	.agents/skills/rust-style-guide/references.md
10	0	.cursor/hooks.json
1	0	.cursor/rules
2	0	.github/CODEOWNERS
19	0	.github/dependabot.yml
93	0	.github/scripts/check-workspace.py
6	0	.github/scripts/package-count.sh
153	0	.github/workflows/lint.yml
76	0	.github/workflows/supply-chain.yml
44	0	.github/workflows/test.yml
29	0	.gitignore
4	0	.vscode/settings.json
56	0	AGENTS.md
49	0	Cargo.toml
21	0	LICENSE
155	0	README.md
10	0	bacon.toml
3	0	clippy.toml
35	0	deny.toml
3	0	rust-analyzer.toml
3	0	rust-toolchain.toml
3	0	rustfmt.toml
35	0	scripts/check.sh
